Warning: TTY mode is not supported on Windows platform.
